// Jest Snapshot v1, https://goo.gl/fbAQLP

exports[`Banner should match the snapshot with all the data passed in 1`] = `
<section
  className="banner-title"
>
  <h1>
    MARVELOUSLY
  </h1>
</section>
`;
