// Jest Snapshot v1, https://goo.gl/fbAQLP

exports[`Search should match the snapshot with all the data passed in 1`] = `
<form
  onSubmit={[Function]}
>
  <input
    className="search-input"
    onChange={[Function]}
    placeholder="Search"
    type="text"
    value=""
  />
  <input
    className="search-btn"
    type="submit"
    value="Search"
  />
</form>
`;
